A CLI for cynic, a code first GraphQL client for Rust

Usage: cynic [COMMAND]

Commands:
  introspect  Runs an introspection query against a GraphQL server and outputs the servers schema
  help        Print this message or the help of the given subcommand(s)

Options:
  -h, --help     Print help
  -V, --version  Print version
